// Jest Snapshot v1, https://goo.gl/fbAQLP

exports[`Test Task createNextConfigJs with prior file 1`] = `
"/* eslint-disable */

const fs = require(\\"fs\\");
const path = require(\\"path\\");

const njpConfigStr = fs.readFileSync(path.join(__dirname, \\"njp.config.json\\"), {
  encoding: \\"utf8\\"
});

const njpConfig = JSON.parse(njpConfigStr);

module.exports = njpConfig;
"
`;

exports[`Test Task createNextConfigJs without prior file 1`] = `
"/* eslint-disable */

const fs = require(\\"fs\\");
const path = require(\\"path\\");

const njpConfigStr = fs.readFileSync(path.join(__dirname, \\"njp.config.json\\"), {
  encoding: \\"utf8\\"
});

const njpConfig = JSON.parse(njpConfigStr);

module.exports = njpConfig;
"
`;
