{
  "Dashboard": {
    "prefix": "Page1",
    "exports": {
      "default": true,
      "named": [
        "DashboardProps"
      ]
    }
  },
  "DialogStepper": {
    "prefix": "Page2",
    "exports": {
      "default": true,
      "named": [
        "DialogStepperProps"
      ]
    }
  },
  "EntryLayout": {
    "prefix": "Page3",
    "exports": {
      "default": true,
      "named": [
        "EntryLayoutProps"
      ]
    }
  },
  "Page": {
    "prefix": "Page4",
    "exports": {
      "default": true,
      "named": [
        "PageProps"
      ]
    }
  },
  "yupExtension/View": {
    "prefix": "Page5",
    "exports": {
      "default": true,
      "named": []
    }
  },
  "yupExtension/schemas/DateTime": {
    "prefix": "Page6",
    "exports": {
      "default": true,
      "named": [
        "Variant",
        "DateTimeSchema"
      ]
    }
  },
  "yupExtension/schemas/File": {
    "prefix": "Page7",
    "exports": {
      "default": true,
      "named": [
        "FileType",
        "FileSchema"
      ]
    }
  },
  "yupExtension/utils": {
    "prefix": "Page8",
    "exports": {
      "default": false,
      "named": [
        "SupportedType",
        "DatetimeVariant",
        "stringSchema",
        "numberSchema",
        "booleanSchema",
        "datetimeSchema",
        "fileSchema",
        "appendRequiredOnYupSchema",
        "describeFields",
        "getFieldLabels",
        "getFieldTypes",
        "reverseKeyOrder"
      ]
    }
  }
}