// Jest Snapshot v1, https://goo.gl/fbAQLP

exports[`Test util parameters.filters with apply ajvStandalone 1`] = `"\\"use strict\\";module.exports = validate14;module.exports.default = validate14;const schema16 = {\\"type\\":\\"object\\",\\"properties\\":{\\"name\\":{\\"type\\":\\"string\\"}}};function validate14(data, {instancePath=\\"\\", parentData, parentDataProperty, rootData=data}={}){let vErrors = null;let errors = 0;if(data && typeof data == \\"object\\" && !Array.isArray(data)){if(data.name !== undefined){if(typeof data.name !== \\"string\\"){const err0 = {instancePath:instancePath+\\"/name\\",schemaPath:\\"#/properties/name/type\\",keyword:\\"type\\",params:{type: \\"string\\"},message:\\"must be string\\"};if(vErrors === null){vErrors = [err0];}else {vErrors.push(err0);}errors++;}}}else {const err1 = {instancePath,schemaPath:\\"#/type\\",keyword:\\"type\\",params:{type: \\"object\\"},message:\\"must be object\\"};if(vErrors === null){vErrors = [err1];}else {vErrors.push(err1);}errors++;}validate14.errors = vErrors;return errors === 0;}"`;

exports[`Test util parameters.filters with apply multiple filters 1`] = `"\\"use strict\\";module.exports = validate14;module.exports.default = validate14;const schema16 = {\\"type\\":\\"object\\",\\"properties\\":{\\"name\\":{\\"type\\":\\"string\\"}}};function validate14(data, {instancePath=\\"\\", parentData, parentDataProperty, rootData=data}={}){let vErrors = null;let errors = 0;if(data && typeof data == \\"object\\" && !Array.isArray(data)){if(data.name !== undefined){if(typeof data.name !== \\"string\\"){const err0 = {instancePath:instancePath+\\"/name\\",schemaPath:\\"#/properties/name/type\\",keyword:\\"type\\",params:{type: \\"string\\"},message:\\"must be string\\"};if(vErrors === null){vErrors = [err0];}else {vErrors.push(err0);}errors++;}}}else {const err1 = {instancePath,schemaPath:\\"#/type\\",keyword:\\"type\\",params:{type: \\"object\\"},message:\\"must be object\\"};if(vErrors === null){vErrors = [err1];}else {vErrors.push(err1);}errors++;}validate14.errors = vErrors;return errors === 0;}\\"use strict\\";module.exports = validate14;module.exports.default = validate14;const schema16 = {\\"type\\":\\"object\\",\\"properties\\":{\\"name\\":{\\"type\\":\\"string\\"}}};function validate14(data, {instancePath=\\"\\", parentData, parentDataProperty, rootData=data}={}){let vErrors = null;let errors = 0;if(data && typeof data == \\"object\\" && !Array.isArray(data)){if(data.name !== undefined){if(typeof data.name !== \\"string\\"){const err0 = {instancePath:instancePath+\\"/name\\",schemaPath:\\"#/properties/name/type\\",keyword:\\"type\\",params:{type: \\"string\\"},message:\\"must be string\\"};if(vErrors === null){vErrors = [err0];}else {vErrors.push(err0);}errors++;}}}else {const err1 = {instancePath,schemaPath:\\"#/type\\",keyword:\\"type\\",params:{type: \\"object\\"},message:\\"must be object\\"};if(vErrors === null){vErrors = [err1];}else {vErrors.push(err1);}errors++;}validate14.errors = vErrors;return errors === 0;}"`;
